[debug] [2026-09-16T14:55:32.592Z] ----------------------------------------------------------------------
[debug] [2026-09-16T14:55:32.597Z] Command:       C:\nvm4w\nodejs\node.exe C:\Users\n1270\Documents\GitHub\guessWho\更新版guessWho\node_modules\firebase-tools\lib\bin\firebase.js emulators:exec --only firestore,storage tsx --test firebase/rules.test.ts
[debug] [2026-09-16T14:55:32.598Z] CLI Version:   15.30.1
[debug] [2026-09-16T14:55:32.598Z] Platform:      win32
[debug] [2026-09-16T14:55:32.598Z] Node Version:  v24.13.0
[debug] [2026-09-16T14:55:32.599Z] Detected Agent: codex_cli
[debug] [2026-09-16T14:55:32.599Z] Time:          Wed Sep 16 2026 22:55:32 GMT+0800 (台北標準時間)
[debug] [2026-09-16T14:55:32.599Z] ----------------------------------------------------------------------
[debug] 
[debug] [2026-09-16T14:55:32.621Z] >>> [apiv2][query] GET https://firebase-public.firebaseio.com/cli.json [none]
[debug] [2026-09-16T14:56:21.506Z] *** [apiv2] error from fetch(https://firebase-public.firebaseio.com/cli.json, {"headers":{},"method":"GET"}): AggregateError
[warn] !  Unable to fetch the CLI MOTD and remote config. This is not a fatal error, but may indicate an issue with your network connection. 
[debug] [2026-09-16T14:56:21.507Z] Failed to fetch MOTD FirebaseError: Failed to make request to https://firebase-public.firebaseio.com/cli.json
[debug] [2026-09-16T14:56:21.595Z] openjdk version "21.0.7" 2025-04-15 LTS
OpenJDK Runtime Environment Temurin-21.0.7+6 (build 21.0.7+6-LTS)

[debug] [2026-09-16T14:56:21.597Z] OpenJDK 64-Bit Server VM Temurin-21.0.7+6 (build 21.0.7+6-LTS, mixed mode, sharing)

[debug] [2026-09-16T14:56:21.636Z] Parsed Java major version: 21
[info] i  emulators: Starting emulators: firestore, storage {"metadata":{"emulator":{"name":"hub"},"message":"Starting emulators: firestore, storage"}}
[info] i  emulators: Detected demo project ID "demo-guesswho", emulated services will use a demo configuration and attempts to access non-emulated services for this project will fail. {"metadata":{"emulator":{"name":"hub"},"message":"Detected demo project ID \"demo-guesswho\", emulated services will use a demo configuration and attempts to access non-emulated services for this project will fail."}}
[debug] [2026-09-16T14:56:21.650Z] [logging] Logging Emulator only supports listening on one address (127.0.0.1). Not listening on ::1
[debug] [2026-09-16T14:56:21.650Z] [firestore] Firestore Emulator only supports listening on one address (127.0.0.1). Not listening on ::1
[debug] [2026-09-16T14:56:21.650Z] [firestore.websocket] websocket server for firestore only supports listening on one address (127.0.0.1). Not listening on ::1
[debug] [2026-09-16T14:56:21.650Z] [storage] Storage Emulator only supports listening on one address (127.0.0.1). Not listening on ::1
[debug] [2026-09-16T14:56:21.650Z] assigned listening specs for emulators {"user":{"hub":[{"address":"127.0.0.1","family":"IPv4","port":4400},{"address":"::1","family":"IPv6","port":4400}],"logging":[{"address":"127.0.0.1","family":"IPv4","port":4500}],"firestore":[{"address":"127.0.0.1","family":"IPv4","port":8080}],"firestore.websocket":[{"address":"127.0.0.1","family":"IPv4","port":9150}],"storage":[{"address":"127.0.0.1","family":"IPv4","port":9199}]},"metadata":{"message":"assigned listening specs for emulators"}}
[debug] [2026-09-16T14:56:21.653Z] Write emulator hub locator at C:\Users\n1270\AppData\Local\Temp\hub-demo-guesswho.json
[info] i  firestore: downloading cloud-firestore-emulator-v1.22.0.jar... {"metadata":{"emulator":{"name":"firestore"},"message":"downloading cloud-firestore-emulator-v1.22.0.jar..."}}
[debug] [2026-09-16T14:56:21.668Z] Could not find VSCode notification endpoint: TypeError: fetch failed. If you are not running the Firebase SQL Connect VSCode extension, this is expected and not an issue.
[info] i  emulators: Shutting down emulators. {"metadata":{"emulator":{"name":"hub"},"message":"Shutting down emulators."}}
[info] i  firestore: Stopping Firestore Emulator {"metadata":{"emulator":{"name":"firestore"},"message":"Stopping Firestore Emulator"}}
[info] i  hub: Stopping emulator hub {"metadata":{"emulator":{"name":"hub"},"message":"Stopping emulator hub"}}
[debug] [2026-09-16T14:56:21.673Z] Could not find VSCode notification endpoint: TypeError: fetch failed. If you are not running the Firebase SQL Connect VSCode extension, this is expected and not an issue.
[debug] [2026-09-16T14:56:21.674Z] Error: EPERM: operation not permitted, mkdir 'C:\Users\n1270\.cache\firebase\emulators'
    at Object.mkdirSync (node:fs:1363:26)
    at module.exports.makeDirSync (C:\Users\n1270\Documents\GitHub\guessWho\更新版guessWho\node_modules\fs-extra\lib\mkdirs\make-dir.js:23:13)
    at downloadEmulator (C:\Users\n1270\Documents\GitHub\guessWho\更新版guessWho\node_modules\firebase-tools\lib\emulator\download.js:25:8)
    at Object.start (C:\Users\n1270\Documents\GitHub\guessWho\更新版guessWho\node_modules\firebase-tools\lib\emulator\downloadableEmulators.js:450:51)
    at FirestoreEmulator.start (C:\Users\n1270\Documents\GitHub\guessWho\更新版guessWho\node_modules\firebase-tools\lib\emulator\firestoreEmulator.js:42:38)
    at EmulatorRegistry.start (C:\Users\n1270\Documents\GitHub\guessWho\更新版guessWho\node_modules\firebase-tools\lib\emulator\registry.js:19:24)
    at startEmulator (C:\Users\n1270\Documents\GitHub\guessWho\更新版guessWho\node_modules\firebase-tools\lib\emulator\controller.js:294:44)
    at Object.startAll (C:\Users\n1270\Documents\GitHub\guessWho\更新版guessWho\node_modules\firebase-tools\lib\emulator\controller.js:505:15)
    at process.processTicksAndRejections (node:internal/process/task_queues:103:5)
    at async emulatorExec (C:\Users\n1270\Documents\GitHub\guessWho\更新版guessWho\node_modules\firebase-tools\lib\emulator\commandUtils.js:302:35)
[error] 
[error] Error: An unexpected error has occurred.
[debug] [2026-09-16T14:56:22.336Z] Error: EPERM: operation not permitted, mkdir 'C:\Users\n1270\.config\configstore'
    at Object.mkdirSync (node:fs:1363:26)
    at module.exports.sync (C:\Users\n1270\Documents\GitHub\guessWho\更新版guessWho\node_modules\make-dir\index.js:114:6)
    at set all (C:\Users\n1270\Documents\GitHub\guessWho\更新版guessWho\node_modules\configstore\index.js:59:12)
    at Configstore.delete (C:\Users\n1270\Documents\GitHub\guessWho\更新版guessWho\node_modules\configstore\index.js:101:12)
    at process.<anonymous> (C:\Users\n1270\Documents\GitHub\guessWho\更新版guessWho\node_modules\firebase-tools\lib\bin\cli.js:95:45)
    at process.emit (node:events:520:35)
    at process.exit (node:internal/process/per_thread:236:15)
    at Timeout._onTimeout (C:\Users\n1270\Documents\GitHub\guessWho\更新版guessWho\node_modules\firebase-tools\lib\errorOut.js:20:17)
    at listOnTimeout (node:internal/timers:605:17)
    at process.processTimers (node:internal/timers:541:7)
[error] 
[error] Error: An unexpected error has occurred.
